[2J[001;001H[=3h[2J[001;001H[2J[001;001H[8;042;160t[2J[001;001H[2J[001;001H[8;056;240t[2J[001;001HBdsDxe: loading Boot0002 "UEFI QEMU HARDDISK QM00001 " from PciRoot(0x0)/Pci(0x1F,0x2)/Sata(0x0,0xFFFF,0x0)
BdsDxe: starting Boot0002 "UEFI QEMU HARDDISK QM00001 " from PciRoot(0x0)/Pci(0x1F,0x2)/Sata(0x0,0xFFFF,0x0)
[BOOT] CantayaOS Bootloader entry
[BOOT] UEFI helpers initialized
[BOOT] Loading kernel from disk...
[BOOT] Exiting boot services...
[BOOT] Boot services exited — translating memory map
[BOOT] =========== Memory Map ===========
  0x0 - 0xA0000  (640 KiB) Usable
  0x100000 - 0x800000  (7168 KiB) Usable
  0x800000 - 0x808000  (32 KiB) ACPI NVS
  0x808000 - 0x80B000  (12 KiB) Usable
  0x80B000 - 0x80C000  (4 KiB) ACPI NVS
  0x80C000 - 0x814000  (32 KiB) Usable
  0x814000 - 0x900000  (944 KiB) ACPI NVS
  0x900000 - 0xD952000  (213320 KiB) Usable
  0xD952000 - 0xDA4B010  (996 KiB) Kernel
  0xDA4B010 - 0xDA4C000  (3 KiB) Bootloader
  0xDA4C000 - 0xDF00000  (4816 KiB) Usable
  0xDF00000 - 0xDF49000  (292 KiB) Bootloader
  0xDF49000 - 0xE73F000  (8152 KiB) Usable
  0xE73F000 - 0xE745000  (24 KiB) Bootloader
  0xE745000 - 0xE74B000  (24 KiB) PageTables
  0xE74B000 - 0xE7A7000  (368 KiB) Usable
  0xE7A7000 - 0xE7A9000  (8 KiB) PageTables
  0xE7A9000 - 0xE7AF000  (24 KiB) Usable
  0xE7AF000 - 0xE7B0000  (4 KiB) PageTables
  0xE7B0000 - 0xE93F000  (1596 KiB) Usable
  0xE93F000 - 0xEA00000  (772 KiB) Reserved
  0xEA00000 - 0xF4ED000  (11188 KiB) Usable
  0xF4ED000 - 0xF76D000  (2560 KiB) Reserved
  0xF76D000 - 0xF77F000  (72 KiB) ACPI Reclaimable
  0xF77F000 - 0xF7FF000  (512 KiB) ACPI NVS
  0xF7FF000 - 0xFEF4000  (7124 KiB) Usable
  0xFEF4000 - 0xFF78000  (528 KiB) Reserved
  0xFF78000 - 0x10000000  (544 KiB) ACPI NVS
  0xE0000000 - 0xF0000000  (262144 KiB) Reserved
  0xFFC00000 - 0x100000000  (4096 KiB) Reserved
  0xFD00000000 - 0x10000000000  (12582912 KiB) Reserved
[BOOT] =====================================
[BOOT] Total usable: 254440 KiB
[BOOT] Boot time: ~3000 ms
[BOOT] Regions: 31
[BOOT] Page tables: 9 pages (36 KiB)
[BOOT] UEFI runtime regions: 4
[BOOT] Jumping to kernel...
[INFO ] cantaya_kernel: CantayaOS Kernel v0.1.0
[INFO ] cantaya_kernel::hal::cpu: SSE/SSE2 enabled (CR0.EM cleared, CR4.OSFXSR set)
[INFO ] cantaya_kernel: SSE/FPU enabled
[INFO ] cantaya_kernel: Boot info valid, framebuffer 1920x1080
[INFO ] cantaya_kernel::memory: Frame allocator: 63450 free frames (247 MiB)
[INFO ] cantaya_kernel::memory::heap: Heap initialized: 1024 KiB at 0x100000
[INFO ] cantaya_kernel::memory: Kernel heap initialized
[INFO ] cantaya_kernel: Memory management initialized
[INFO ] cantaya_kernel: Total usable memory: 248 MiB
[INFO ] cantaya_kernel::hal::acpi: ACPI: RSDP found at 0xF77E014, revision 2.0+
[INFO ] cantaya_kernel::hal::acpi: ACPI: MADT parsed — 1 CPUs, Local APIC at 0xFEE00000
[INFO ] cantaya_kernel::hal::acpi: ACPI: HPET at 0xFED00000
[INFO ] cantaya_kernel::hal::acpi: ACPI: PCIe MCFG base at 0xE0000000
[INFO ] cantaya_kernel::hal::acpi: ACPI: 1 CPUs, I/O APIC at 0xFEC00000, 6 tables found
[INFO ] cantaya_kernel: ACPI initialized (RSDP at 0xF77E014)
[INFO ] cantaya_kernel::hal::pci: PCI: 5 device(s) found
[INFO ] cantaya_kernel: PCI bus enumerated
[INFO ] cantaya_kernel: Scheduler initialized
[INFO ] cantaya_kernel::executive::syscall: SYSCALL MSRs programmed: STAR=0x10000800000000, LSTAR=0xFFFFFFFF8000DC18
[INFO ] cantaya_kernel: SYSCALL MSRs programmed
[INFO ] cantaya_kernel::hal::pit: PIT: Channel 0 set to 1000 Hz (divisor 1193)
[INFO ] cantaya_kernel: Interrupts enabled, PIT at 1000 Hz
[INFO ] cantaya_kernel::graphics::framebuffer: Framebuffer: 1920x1080, stride=1920, format=Bgr, double-buffered (8100 KiB back buffer)
[INFO ] cantaya_kernel::graphics::console: Console: 240x67 characters (66 text + 1 status bar)
[INFO ] cantaya_kernel::graphics: Graphics subsystem initialized
[INFO ] cantaya_kernel: All subsystems initialized — launching shell
